// Jest Snapshot v1, https://goo.gl/fbAQLP

exports[`Layout Processors should process layout alignment correctly: alignment 1`] = `
"// Generated SCSS Variables
$brand-primary: #00464a;

// Generated SCSS Mixins
@mixin alignment-bottom-left {
  display: flex;
  flex-direction: row;
  gap: 1.25rem;
  padding: 0rem;
  background: #ffffff;
}
@mixin alignment-bottom-left-object-1 {
  background: $brand-primary;
}
@mixin alignment-bottom-left-object-2 {
  background: $brand-primary;
}
@mixin alignment-bottom-left-object-3 {
  background: $brand-primary;
}
@mixin alignment-bottom-center {
  display: flex;
  flex-direction: row;
  gap: 1.25rem;
  padding: 0rem;
  background: #ffffff;
  justify-content: center;
}
@mixin alignment-bottom-center-object-1 {
  background: $brand-primary;
}
@mixin alignment-bottom-center-object-2 {
  background: $brand-primary;
}
@mixin alignment-bottom-center-object-3 {
  background: $brand-primary;
}
@mixin alignment-bottom-right {
  display: flex;
  flex-direction: row;
  gap: 1.25rem;
  padding: 0rem;
  background: #ffffff;
  justify-content: flex-end;
}
@mixin alignment-bottom-right-object-1 {
  background: $brand-primary;
}
@mixin alignment-bottom-right-object-2 {
  background: $brand-primary;
}
@mixin alignment-bottom-right-object-3 {
  background: $brand-primary;
}
@mixin alignment-center-left {
  display: flex;
  flex-direction: row;
  gap: 1.25rem;
  padding: 0rem;
  background: #ffffff;
}
@mixin alignment-center-left-object-1 {
  background: $brand-primary;
}
@mixin alignment-center-left-object-2 {
  background: $brand-primary;
}
@mixin alignment-center-left-object-3 {
  background: $brand-primary;
}
@mixin alignment-center-center {
  display: flex;
  flex-direction: row;
  gap: 1.25rem;
  padding: 0rem;
  background: #ffffff;
  justify-content: center;
}
@mixin alignment-center-center-object-1 {
  background: $brand-primary;
}
@mixin alignment-center-center-object-2 {
  background: $brand-primary;
}
@mixin alignment-center-center-object-3 {
  background: $brand-primary;
}
@mixin alignment-center-right {
  display: flex;
  flex-direction: row;
  gap: 1.25rem;
  padding: 0rem;
  background: #ffffff;
  justify-content: flex-end;
}
@mixin alignment-center-right-object-1 {
  background: $brand-primary;
}
@mixin alignment-center-right-object-2 {
  background: $brand-primary;
}
@mixin alignment-center-right-object-3 {
  background: $brand-primary;
}
@mixin alignment-top-left {
  display: flex;
  flex-direction: row;
  gap: 1.25rem;
  padding: 0rem;
  background: #ffffff;
}
@mixin alignment-top-left-object-1 {
  background: $brand-primary;
}
@mixin alignment-top-left-object-2 {
  background: $brand-primary;
}
@mixin alignment-top-left-object-3 {
  background: $brand-primary;
}
@mixin alignment-top-center {
  display: flex;
  flex-direction: row;
  gap: 1.25rem;
  padding: 0rem;
  background: #ffffff;
  justify-content: center;
}
@mixin alignment-top-center-object-1 {
  background: $brand-primary;
}
@mixin alignment-top-center-object-2 {
  background: $brand-primary;
}
@mixin alignment-top-center-object-3 {
  background: $brand-primary;
}
@mixin alignment-top-right {
  display: flex;
  flex-direction: row;
  gap: 1.25rem;
  padding: 0rem;
  background: #ffffff;
  justify-content: flex-end;
}
@mixin alignment-top-right-object-1 {
  background: $brand-primary;
}
@mixin alignment-top-right-object-2 {
  background: $brand-primary;
}
@mixin alignment-top-right-object-3 {
  background: $brand-primary;
}
"
`;

exports[`Layout Processors should process layout alignment correctly: alignment 2`] = `
"// Generated SCSS Variables
$brand-primary: #00464a;

// Generated SCSS Mixins
@mixin alignment-bottom-left {
  display: flex;
  flex-direction: row;
  gap: 1.25rem;
  padding: 0rem;
  background: #ffffff;
}
@mixin alignment-bottom-left-object-1 {
  background: $brand-primary;
}
@mixin alignment-bottom-left-object-2 {
  background: $brand-primary;
}
@mixin alignment-bottom-left-object-3 {
  background: $brand-primary;
}
@mixin alignment-bottom-center {
  display: flex;
  flex-direction: row;
  gap: 1.25rem;
  padding: 0rem;
  background: #ffffff;
  justify-content: center;
}
@mixin alignment-bottom-center-object-1 {
  background: $brand-primary;
}
@mixin alignment-bottom-center-object-2 {
  background: $brand-primary;
}
@mixin alignment-bottom-center-object-3 {
  background: $brand-primary;
}
@mixin alignment-bottom-right {
  display: flex;
  flex-direction: row;
  gap: 1.25rem;
  padding: 0rem;
  background: #ffffff;
  justify-content: flex-end;
}
@mixin alignment-bottom-right-object-1 {
  background: $brand-primary;
}
@mixin alignment-bottom-right-object-2 {
  background: $brand-primary;
}
@mixin alignment-bottom-right-object-3 {
  background: $brand-primary;
}
@mixin alignment-center-left {
  display: flex;
  flex-direction: row;
  gap: 1.25rem;
  padding: 0rem;
  background: #ffffff;
}
@mixin alignment-center-left-object-1 {
  background: $brand-primary;
}
@mixin alignment-center-left-object-2 {
  background: $brand-primary;
}
@mixin alignment-center-left-object-3 {
  background: $brand-primary;
}
@mixin alignment-center-center {
  display: flex;
  flex-direction: row;
  gap: 1.25rem;
  padding: 0rem;
  background: #ffffff;
  justify-content: center;
}
@mixin alignment-center-center-object-1 {
  background: $brand-primary;
}
@mixin alignment-center-center-object-2 {
  background: $brand-primary;
}
@mixin alignment-center-center-object-3 {
  background: $brand-primary;
}
@mixin alignment-center-right {
  display: flex;
  flex-direction: row;
  gap: 1.25rem;
  padding: 0rem;
  background: #ffffff;
  justify-content: flex-end;
}
@mixin alignment-center-right-object-1 {
  background: $brand-primary;
}
@mixin alignment-center-right-object-2 {
  background: $brand-primary;
}
@mixin alignment-center-right-object-3 {
  background: $brand-primary;
}
@mixin alignment-top-left {
  display: flex;
  flex-direction: row;
  gap: 1.25rem;
  padding: 0rem;
  background: #ffffff;
}
@mixin alignment-top-left-object-1 {
  background: $brand-primary;
}
@mixin alignment-top-left-object-2 {
  background: $brand-primary;
}
@mixin alignment-top-left-object-3 {
  background: $brand-primary;
}
@mixin alignment-top-center {
  display: flex;
  flex-direction: row;
  gap: 1.25rem;
  padding: 0rem;
  background: #ffffff;
  justify-content: center;
}
@mixin alignment-top-center-object-1 {
  background: $brand-primary;
}
@mixin alignment-top-center-object-2 {
  background: $brand-primary;
}
@mixin alignment-top-center-object-3 {
  background: $brand-primary;
}
@mixin alignment-top-right {
  display: flex;
  flex-direction: row;
  gap: 1.25rem;
  padding: 0rem;
  background: #ffffff;
  justify-content: flex-end;
}
@mixin alignment-top-right-object-1 {
  background: $brand-primary;
}
@mixin alignment-top-right-object-2 {
  background: $brand-primary;
}
@mixin alignment-top-right-object-3 {
  background: $brand-primary;
}
"
`;
